PYTHONDONTWRITEBYTECODE=1 malaria_dl_local_project/.venv-local-train/bin/python scripts/audit_s2/audit.py 
{
  "strategy": "thin_blood_smear_same_split_v1",
  "reference_dataset_version_id": "d8c0cab5-09dd-597f-9de7-7ca01aee2ec2",
  "dataset_family": "smear_segmentation",
  "patients_total": 193,
  "images_total": 965,
  "train": {
    "patients": 154,
    "images": 770
  },
  "val": {
    "patients": 19,
    "images": 95
  },
  "test": {
    "patients": 20,
    "images": 100
  },
  "no_assignment": 0,
  "canonical_collisions": 0,
  "cross_family_mismatches": 0,
  "polygon": {
    "patients": 33,
    "images": 165,
    "train_patients": 28,
    "val_patients": 2,
    "test_patients": 3,
    "annotations": {
      "train": {
        "patients": 28,
        "images": 140,
        "parasitized": 1057,
        "uninfected": 27236,
        "WBC": 47,
        "total_polygons": 28340
      },
      "val": {
        "patients": 2,
        "images": 10,
        "parasitized": 35,
        "uninfected": 2026,
        "WBC": 2,
        "total_polygons": 2063
      },
      "test": {
        "patients": 3,
        "images": 15,
        "parasitized": 50,
        "uninfected": 3809,
        "WBC": 2,
        "total_polygons": 3861
      }
    }
  },
  "point": {
    "patients": 160,
    "images": 800,
    "splits": {
      "train": {
        "patients": 126,
        "images": 630,
        "parasitized": 5378,
        "uninfected": 123518,
        "WBC": 171
      },
      "val": {
        "patients": 17,
        "images": 85,
        "parasitized": 730,
        "uninfected": 17059,
        "WBC": 28
      },
      "test": {
        "patients": 17,
        "images": 85,
        "parasitized": 702,
        "uninfected": 15063,
        "WBC": 21
      }
    },
    "annotation_type": "point; not polygon"
  },
  "persistence": {
    "result": "PREFLIGHT_ONLY"
  },
  "integrity": {
    "physical_inputs_equal": true,
    "protected_cell_rows_equal": true,
    "raw_files": 2022,
    "cell_files": 27558
  }
}
