Dataset: NIH-NLM-ThinBloodSmearsPf
Source: https://data.lhncbc.nlm.nih.gov/public/Malaria/NIH-NLM-ThinBloodSmearsPf/index.html
Destination: /Users/julio/Desktop/Archivo/Magister UAI/Capstone MIA 2025 2/Desarrollo/SW/capstone/malaria_dl_local_project/data/NIH-NLM-ThinBloodSmearsPf
Traceback (most recent call last):
  File "/Users/julio/Desktop/Archivo/Magister UAI/Capstone MIA 2025 2/Desarrollo/SW/capstone/malaria_dl_local_project/scripts/download_full_smears_dataset.py", line 35, in <module>
    raise SystemExit(main())
                     ^^^^^^
  File "/Users/julio/Desktop/Archivo/Magister UAI/Capstone MIA 2025 2/Desarrollo/SW/capstone/malaria_dl_local_project/scripts/download_full_smears_dataset.py", line 26, in main
    result = prepare_full_smear_source(config, verify_only=args.verify_only)
             ^^^^^^^^^^^^^^^^^^^^^^^^^^^^^^^^^^^^^^^^^^^^^^^^^^^^^^^^^^^^^^^
  File "/Users/julio/Desktop/Archivo/Magister UAI/Capstone MIA 2025 2/Desarrollo/SW/capstone/malaria_dl_local_project/src/malaria_dl/data/full_smears_download.py", line 250, in prepare_full_smear_source
    transfers.append(fetch(urls[name], staging / name))
                     ^^^^^^^^^^^^^^^^^^^^^^^^^^^^^^^^^
  File "/Users/julio/Desktop/Archivo/Magister UAI/Capstone MIA 2025 2/Desarrollo/SW/capstone/malaria_dl_local_project/src/malaria_dl/data/full_smears_download.py", line 98, in download_file
    with urllib.request.urlopen(request, timeout=60) as response:
         ^^^^^^^^^^^^^^^^^^^^^^^^^^^^^^^^^^^^^^^^^^^
  File "/opt/homebrew/Cellar/python@3.12/3.12.13_4/Frameworks/Python.framework/Versions/3.12/lib/python3.12/urllib/request.py", line 215, in urlopen
    return opener.open(url, data, timeout)
           ^^^^^^^^^^^^^^^^^^^^^^^^^^^^^^^
  File "/opt/homebrew/Cellar/python@3.12/3.12.13_4/Frameworks/Python.framework/Versions/3.12/lib/python3.12/urllib/request.py", line 515, in open
    response = self._open(req, data)
               ^^^^^^^^^^^^^^^^^^^^^
  File "/opt/homebrew/Cellar/python@3.12/3.12.13_4/Frameworks/Python.framework/Versions/3.12/lib/python3.12/urllib/request.py", line 532, in _open
    result = self._call_chain(self.handle_open, protocol, protocol +
             ^^^^^^^^^^^^^^^^^^^^^^^^^^^^^^^^^^^^^^^^^^^^^^^^^^^^^^^
  File "/opt/homebrew/Cellar/python@3.12/3.12.13_4/Frameworks/Python.framework/Versions/3.12/lib/python3.12/urllib/request.py", line 492, in _call_chain
    result = func(*args)
             ^^^^^^^^^^^
  File "/opt/homebrew/Cellar/python@3.12/3.12.13_4/Frameworks/Python.framework/Versions/3.12/lib/python3.12/urllib/request.py", line 1392, in https_open
    return self.do_open(http.client.HTTPSConnection, req,
           ^^^^^^^^^^^^^^^^^^^^^^^^^^^^^^^^^^^^^^^^^^^^^^
  File "/opt/homebrew/Cellar/python@3.12/3.12.13_4/Frameworks/Python.framework/Versions/3.12/lib/python3.12/urllib/request.py", line 1344, in do_open
    h.request(req.get_method(), req.selector, req.data, headers,
  File "/opt/homebrew/Cellar/python@3.12/3.12.13_4/Frameworks/Python.framework/Versions/3.12/lib/python3.12/http/client.py", line 1358, in request
    self._send_request(method, url, body, headers, encode_chunked)
  File "/opt/homebrew/Cellar/python@3.12/3.12.13_4/Frameworks/Python.framework/Versions/3.12/lib/python3.12/http/client.py", line 1369, in _send_request
    self.putrequest(method, url, **skips)
  File "/opt/homebrew/Cellar/python@3.12/3.12.13_4/Frameworks/Python.framework/Versions/3.12/lib/python3.12/http/client.py", line 1203, in putrequest
    self._validate_path(url)
  File "/opt/homebrew/Cellar/python@3.12/3.12.13_4/Frameworks/Python.framework/Versions/3.12/lib/python3.12/http/client.py", line 1303, in _validate_path
    raise InvalidURL(f"URL can't contain control characters. {url!r} "
http.client.InvalidURL: URL can't contain control characters. '/public/Malaria/NIH-NLM-ThinBloodSmearsPf/Data License Agreement.docx' (found at least ' ')
