Dataset: NIH-NLM-ThinBloodSmearsPf
Source: https://data.lhncbc.nlm.nih.gov/public/Malaria/NIH-NLM-ThinBloodSmearsPf/index.html
Destination: /Users/julio/Desktop/Archivo/Magister UAI/Capstone MIA 2025 2/Desarrollo/SW/capstone/malaria_dl_local_project/data/NIH-NLM-ThinBloodSmearsPf
{
  "dataset": "NIH-NLM-ThinBloodSmearsPf",
  "source": "https://data.lhncbc.nlm.nih.gov/public/Malaria/NIH-NLM-ThinBloodSmearsPf/index.html",
  "destination": "/Users/julio/Desktop/Archivo/Magister UAI/Capstone MIA 2025 2/Desarrollo/SW/capstone/malaria_dl_local_project/data/NIH-NLM-ThinBloodSmearsPf",
  "integrity": "PASS",
  "status": "READY",
  "downloaded_files": 1,
  "downloaded_bytes": 22625,
  "structure": {
    "Polygon Set": {
      "patients": 33,
      "images": 165,
      "ground_truth_files": 165
    },
    "Point Set": {
      "patients": 160,
      "images": 800,
      "ground_truth_files": 800
    }
  },
  "manifest": "/Users/julio/Desktop/Archivo/Magister UAI/Capstone MIA 2025 2/Desarrollo/SW/capstone/malaria_dl_local_project/data/NIH-NLM-ThinBloodSmearsPf/.capstone_download_manifest.json",
  "started_at": "2026-10-03T11:42:34.671709+00:00",
  "finished_at": "2026-10-03T11:42:41.119613+00:00"
}
