valid_pair: PASS
default_test: PASS
selected_test: PASS
unauthorized_role: PASS
checkpoint_mismatch: PASS
dataset_mismatch: PASS
population_mismatch: PASS
protocol_mismatch: PASS
input_contract_mismatch: PASS
missing_event: PASS
null_event: PASS
selected_without_threshold_provenance: PASS
duplicate_member: PASS
second_selected_identity: PASS
new_e10_as_legacy: PASS
null_selected_member: PASS
null_protocol: PASS
null_model_version: PASS
orphan_default: PASS
orphan_selected: PASS
default_fakes_selection: PASS
default_reuses_calibration: PASS
default_wrong_threshold: PASS
null_input: PASS
snapshot_mismatch: PASS
threshold_mismatch: PASS
wrong_calibration_reference: PASS
