Requirement already satisfied: tensorflow==2.17.1 in /private/tmp/capstone-local-train-20260915/lib/python3.12/site-packages (from -r malaria_dl_local_project/requirements.txt (line 1)) (2.17.1)
Collecting tensorflow-datasets>=4.9.4 (from -r malaria_dl_local_project/requirements.txt (line 3))
  Downloading tensorflow_datasets-4.9.10-py3-none-any.whl.metadata (11 kB)
Collecting tensorflow-metadata==1.15.0 (from -r malaria_dl_local_project/requirements.txt (line 4))
  Downloading tensorflow_metadata-1.15.0-py3-none-any.whl.metadata (2.4 kB)
Collecting protobuf==4.25.8 (from -r malaria_dl_local_project/requirements.txt (line 5))
  Downloading protobuf-4.25.8-cp37-abi3-macosx_10_9_universal2.whl.metadata (541 bytes)
Collecting etils>=1.9.0 (from -r malaria_dl_local_project/requirements.txt (line 6))
  Downloading etils-1.14.0-py3-none-any.whl.metadata (6.5 kB)
Collecting importlib_resources>=6.4.0 (from -r malaria_dl_local_project/requirements.txt (line 7))
  Using cached importlib_resources-7.1.0-py3-none-any.whl.metadata (4.0 kB)
Collecting zipp>=3.19.0 (from -r malaria_dl_local_project/requirements.txt (line 8))
  Downloading zipp-4.1.0-py3-none-any.whl.metadata (3.6 kB)
Requirement already satisfied: numpy<2.0,>=1.26 in /private/tmp/capstone-local-train-20260915/lib/python3.12/site-packages (from -r malaria_dl_local_project/requirements.txt (line 9)) (1.26.4)
Collecting pandas>=2.2 (from -r malaria_dl_local_project/requirements.txt (line 10))
  Downloading pandas-3.0.5-cp312-cp312-macosx_11_0_arm64.whl.metadata (79 kB)
Collecting scikit-learn>=1.5 (from -r malaria_dl_local_project/requirements.txt (line 11))
  Downloading scikit_learn-1.9.1-cp312-cp312-macosx_12_0_arm64.whl.metadata (9.3 kB)
Collecting scikit-image>=0.22.0 (from -r malaria_dl_local_project/requirements.txt (line 12))
  Using cached scikit_image-0.26.0-cp312-cp312-macosx_11_0_arm64.whl.metadata (15 kB)
Collecting matplotlib>=3.8 (from -r malaria_dl_local_project/requirements.txt (line 13))
  Downloading matplotlib-3.11.2-cp312-cp312-macosx_11_0_arm64.whl.metadata (80 kB)
Collecting pillow<13.0,>=11.0 (from -r malaria_dl_local_project/requirements.txt (line 14))
  Downloading pillow-12.3.0-cp312-cp312-macosx_11_0_arm64.whl.metadata (9.1 kB)
Collecting joblib>=1.4 (from -r malaria_dl_local_project/requirements.txt (line 15))
  Downloading joblib-1.6.0-py3-none-any.whl.metadata (6.5 kB)
Collecting tqdm>=4.66 (from -r malaria_dl_local_project/requirements.txt (line 16))
  Downloading tqdm-4.70.1-py3-none-any.whl.metadata (57 kB)
Collecting lime>=0.2.0.1 (from -r malaria_dl_local_project/requirements.txt (line 17))
  Downloading lime-0.2.0.1.tar.gz (275 kB)
  Installing build dependencies: started
  Installing build dependencies: finished with status 'done'
  Getting requirements to build wheel: started
  Getting requirements to build wheel: finished with status 'done'
  Preparing metadata (pyproject.toml): started
  Preparing metadata (pyproject.toml): finished with status 'done'
Collecting shap>=0.45.0 (from -r malaria_dl_local_project/requirements.txt (line 18))
  Downloading shap-0.52.0-cp312-abi3-macosx_11_0_arm64.whl.metadata (26 kB)
Collecting psycopg<4.0,>=3.2.0 (from psycopg[binary]<4.0,>=3.2.0->-r malaria_dl_local_project/requirements.txt (line 19))
  Downloading psycopg-3.3.5-py3-none-any.whl.metadata (4.3 kB)
Collecting SQLAlchemy<3.0,>=2.0.0 (from -r malaria_dl_local_project/requirements.txt (line 20))
  Downloading sqlalchemy-2.0.53-cp312-cp312-macosx_11_0_arm64.whl.metadata (9.7 kB)
Collecting python-dotenv>=1.0.0 (from -r malaria_dl_local_project/requirements.txt (line 21))
  Downloading python_dotenv-1.2.3-py3-none-any.whl.metadata (29 kB)
Requirement already satisfied: pytest<9.0,>=8.0 in /private/tmp/capstone-local-train-20260915/lib/python3.12/site-packages (from -r malaria_dl_local_project/requirements.txt (line 22)) (8.3.5)
Collecting fastapi<1.0,>=0.115.0 (from -r malaria_dl_local_project/requirements.txt (line 23))
  Using cached fastapi-0.141.1-py3-none-any.whl.metadata (27 kB)
Collecting uvicorn<1.0,>=0.30.0 (from uvicorn[standard]<1.0,>=0.30.0->-r malaria_dl_local_project/requirements.txt (line 24))
  Downloading uvicorn-0.53.0-py3-none-any.whl.metadata (6.6 kB)
Collecting alembic<2.0,>=1.14.0 (from -r malaria_dl_local_project/requirements.txt (line 25))
  Downloading alembic-1.20.0-py3-none-any.whl.metadata (7.3 kB)
Requirement already satisfied: httpx<1.0,>=0.27.0 in /private/tmp/capstone-local-train-20260915/lib/python3.12/site-packages (from -r malaria_dl_local_project/requirements.txt (line 26)) (0.28.1)
Collecting PyJWT<3.0,>=2.9.0 (from -r malaria_dl_local_project/requirements.txt (line 27))
  Downloading pyjwt-2.14.0-py3-none-any.whl.metadata (3.4 kB)
Collecting pwdlib<1.0,>=0.2.1 (from pwdlib[argon2]<1.0,>=0.2.1->-r malaria_dl_local_project/requirements.txt (line 28))
  Downloading pwdlib-0.3.1-py3-none-any.whl.metadata (5.6 kB)
Collecting python-multipart<1.0,>=0.0.20 (from -r malaria_dl_local_project/requirements.txt (line 29))
  Using cached python_multipart-0.0.32-py3-none-any.whl.metadata (2.1 kB)
Requirement already satisfied: absl-py>=1.0.0 in /private/tmp/capstone-local-train-20260915/lib/python3.12/site-packages (from tensorflow==2.17.1->-r malaria_dl_local_project/requirements.txt (line 1)) (2.5.0)
Requirement already satisfied: astunparse>=1.6.0 in /private/tmp/capstone-local-train-20260915/lib/python3.12/site-packages (from tensorflow==2.17.1->-r malaria_dl_local_project/requirements.txt (line 1)) (1.6.3)
Requirement already satisfied: flatbuffers>=24.3.25 in /private/tmp/capstone-local-train-20260915/lib/python3.12/site-packages (from tensorflow==2.17.1->-r malaria_dl_local_project/requirements.txt (line 1)) (25.12.19)
Requirement already satisfied: gast!=0.5.0,!=0.5.1,!=0.5.2,>=0.2.1 in /private/tmp/capstone-local-train-20260915/lib/python3.12/site-packages (from tensorflow==2.17.1->-r malaria_dl_local_project/requirements.txt (line 1)) (0.7.0)
Requirement already satisfied: google-pasta>=0.1.1 in /private/tmp/capstone-local-train-20260915/lib/python3.12/site-packages (from tensorflow==2.17.1->-r malaria_dl_local_project/requirements.txt (line 1)) (0.2.0)
Requirement already satisfied: h5py>=3.10.0 in /private/tmp/capstone-local-train-20260915/lib/python3.12/site-packages (from tensorflow==2.17.1->-r malaria_dl_local_project/requirements.txt (line 1)) (3.16.0)
Requirement already satisfied: libclang>=13.0.0 in /private/tmp/capstone-local-train-20260915/lib/python3.12/site-packages (from tensorflow==2.17.1->-r malaria_dl_local_project/requirements.txt (line 1)) (18.1.1)
Requirement already satisfied: ml-dtypes<0.5.0,>=0.3.1 in /private/tmp/capstone-local-train-20260915/lib/python3.12/site-packages (from tensorflow==2.17.1->-r malaria_dl_local_project/requirements.txt (line 1)) (0.4.1)
Requirement already satisfied: opt-einsum>=2.3.2 in /private/tmp/capstone-local-train-20260915/lib/python3.12/site-packages (from tensorflow==2.17.1->-r malaria_dl_local_project/requirements.txt (line 1)) (3.4.0)
Requirement already satisfied: packaging in /private/tmp/capstone-local-train-20260915/lib/python3.12/site-packages (from tensorflow==2.17.1->-r malaria_dl_local_project/requirements.txt (line 1)) (26.3)
Requirement already satisfied: requests<3,>=2.21.0 in /private/tmp/capstone-local-train-20260915/lib/python3.12/site-packages (from tensorflow==2.17.1->-r malaria_dl_local_project/requirements.txt (line 1)) (2.34.2)
Requirement already satisfied: setuptools in /private/tmp/capstone-local-train-20260915/lib/python3.12/site-packages (from tensorflow==2.17.1->-r malaria_dl_local_project/requirements.txt (line 1)) (84.0.0)
Requirement already satisfied: six>=1.12.0 in /private/tmp/capstone-local-train-20260915/lib/python3.12/site-packages (from tensorflow==2.17.1->-r malaria_dl_local_project/requirements.txt (line 1)) (1.17.0)
Requirement already satisfied: termcolor>=1.1.0 in /private/tmp/capstone-local-train-20260915/lib/python3.12/site-packages (from tensorflow==2.17.1->-r malaria_dl_local_project/requirements.txt (line 1)) (3.3.0)
Requirement already satisfied: typing-extensions>=3.6.6 in /private/tmp/capstone-local-train-20260915/lib/python3.12/site-packages (from tensorflow==2.17.1->-r malaria_dl_local_project/requirements.txt (line 1)) (4.16.0)
Requirement already satisfied: wrapt>=1.11.0 in /private/tmp/capstone-local-train-20260915/lib/python3.12/site-packages (from tensorflow==2.17.1->-r malaria_dl_local_project/requirements.txt (line 1)) (2.4.1)
Requirement already satisfied: grpcio<2.0,>=1.24.3 in /private/tmp/capstone-local-train-20260915/lib/python3.12/site-packages (from tensorflow==2.17.1->-r malaria_dl_local_project/requirements.txt (line 1)) (1.84.0)
Requirement already satisfied: tensorboard<2.18,>=2.17 in /private/tmp/capstone-local-train-20260915/lib/python3.12/site-packages (from tensorflow==2.17.1->-r malaria_dl_local_project/requirements.txt (line 1)) (2.17.1)
Requirement already satisfied: keras>=3.2.0 in /private/tmp/capstone-local-train-20260915/lib/python3.12/site-packages (from tensorflow==2.17.1->-r malaria_dl_local_project/requirements.txt (line 1)) (3.15.1)
Collecting googleapis-common-protos<2,>=1.56.4 (from tensorflow-metadata==1.15.0->-r malaria_dl_local_project/requirements.txt (line 4))
  Downloading googleapis_common_protos-1.75.3-py3-none-any.whl.metadata (8.5 kB)
Requirement already satisfied: iniconfig in /private/tmp/capstone-local-train-20260915/lib/python3.12/site-packages (from pytest<9.0,>=8.0->-r malaria_dl_local_project/requirements.txt (line 22)) (2.3.0)
Requirement already satisfied: pluggy<2,>=1.5 in /private/tmp/capstone-local-train-20260915/lib/python3.12/site-packages (from pytest<9.0,>=8.0->-r malaria_dl_local_project/requirements.txt (line 22)) (1.6.0)
Collecting starlette>=0.46.0 (from fastapi<1.0,>=0.115.0->-r malaria_dl_local_project/requirements.txt (line 23))
  Downloading starlette-1.6.0-py3-none-any.whl.metadata (6.4 kB)
Collecting pydantic>=2.9.0 (from fastapi<1.0,>=0.115.0->-r malaria_dl_local_project/requirements.txt (line 23))
  Downloading pydantic-2.13.5-py3-none-any.whl.metadata (110 kB)
Collecting typing-inspection>=0.4.2 (from fastapi<1.0,>=0.115.0->-r malaria_dl_local_project/requirements.txt (line 23))
  Downloading typing_inspection-0.4.4-py3-none-any.whl.metadata (2.6 kB)
Collecting annotated-doc>=0.0.2 (from fastapi<1.0,>=0.115.0->-r malaria_dl_local_project/requirements.txt (line 23))
  Using cached annotated_doc-0.0.5-py3-none-any.whl.metadata (6.5 kB)
Collecting click>=7.0 (from uvicorn<1.0,>=0.30.0->uvicorn[standard]<1.0,>=0.30.0->-r malaria_dl_local_project/requirements.txt (line 24))
  Downloading click-8.5.0-py3-none-any.whl.metadata (2.6 kB)
Requirement already satisfied: h11>=0.8 in /private/tmp/capstone-local-train-20260915/lib/python3.12/site-packages (from uvicorn<1.0,>=0.30.0->uvicorn[standard]<1.0,>=0.30.0->-r malaria_dl_local_project/requirements.txt (line 24)) (0.16.0)
Collecting Mako (from alembic<2.0,>=1.14.0->-r malaria_dl_local_project/requirements.txt (line 25))
  Using cached mako-1.4.1-py3-none-any.whl.metadata (2.9 kB)
Requirement already satisfied: anyio in /private/tmp/capstone-local-train-20260915/lib/python3.12/site-packages (from httpx<1.0,>=0.27.0->-r malaria_dl_local_project/requirements.txt (line 26)) (4.15.1)
Requirement already satisfied: certifi in /private/tmp/capstone-local-train-20260915/lib/python3.12/site-packages (from httpx<1.0,>=0.27.0->-r malaria_dl_local_project/requirements.txt (line 26)) (2026.7.22)
Requirement already satisfied: httpcore==1.* in /private/tmp/capstone-local-train-20260915/lib/python3.12/site-packages (from httpx<1.0,>=0.27.0->-r malaria_dl_local_project/requirements.txt (line 26)) (1.0.9)
Requirement already satisfied: idna in /private/tmp/capstone-local-train-20260915/lib/python3.12/site-packages (from httpx<1.0,>=0.27.0->-r malaria_dl_local_project/requirements.txt (line 26)) (3.19)
INFO: pip is looking at multiple versions of googleapis-common-protos to determine which version is compatible with other requirements. This could take a while.
Collecting googleapis-common-protos<2,>=1.56.4 (from tensorflow-metadata==1.15.0->-r malaria_dl_local_project/requirements.txt (line 4))
  Downloading googleapis_common_protos-1.75.2-py3-none-any.whl.metadata (8.5 kB)
  Downloading googleapis_common_protos-1.75.1-py3-none-any.whl.metadata (8.5 kB)
  Using cached googleapis_common_protos-1.75.0-py3-none-any.whl.metadata (8.6 kB)
Collecting psycopg-binary==3.3.5 (from psycopg[binary]<4.0,>=3.2.0->-r malaria_dl_local_project/requirements.txt (line 19))
  Downloading psycopg_binary-3.3.5-cp312-cp312-macosx_11_0_arm64.whl.metadata (2.7 kB)
Collecting argon2-cffi>=23.1.0 (from pwdlib[argon2]<1.0,>=0.2.1->-r malaria_dl_local_project/requirements.txt (line 28))
  Using cached argon2_cffi-25.1.0-py3-none-any.whl.metadata (4.1 kB)
Requirement already satisfied: charset_normalizer<4,>=2 in /private/tmp/capstone-local-train-20260915/lib/python3.12/site-packages (from requests<3,>=2.21.0->tensorflow==2.17.1->-r malaria_dl_local_project/requirements.txt (line 1)) (3.5.1)
Requirement already satisfied: urllib3<3,>=1.26 in /private/tmp/capstone-local-train-20260915/lib/python3.12/site-packages (from requests<3,>=2.21.0->tensorflow==2.17.1->-r malaria_dl_local_project/requirements.txt (line 1)) (2.7.0)
Requirement already satisfied: markdown>=2.6.8 in /private/tmp/capstone-local-train-20260915/lib/python3.12/site-packages (from tensorboard<2.18,>=2.17->tensorflow==2.17.1->-r malaria_dl_local_project/requirements.txt (line 1)) (3.10.3)
Requirement already satisfied: tensorboard-data-server<0.8.0,>=0.7.0 in /private/tmp/capstone-local-train-20260915/lib/python3.12/site-packages (from tensorboard<2.18,>=2.17->tensorflow==2.17.1->-r malaria_dl_local_project/requirements.txt (line 1)) (0.7.2)
Requirement already satisfied: werkzeug>=1.0.1 in /private/tmp/capstone-local-train-20260915/lib/python3.12/site-packages (from tensorboard<2.18,>=2.17->tensorflow==2.17.1->-r malaria_dl_local_project/requirements.txt (line 1)) (3.1.8)
Collecting httptools>=0.8.0 (from uvicorn[standard]<1.0,>=0.30.0->-r malaria_dl_local_project/requirements.txt (line 24))
  Using cached httptools-0.8.0-cp312-cp312-macosx_11_0_arm64.whl.metadata (3.5 kB)
Collecting pyyaml>=5.1 (from uvicorn[standard]<1.0,>=0.30.0->-r malaria_dl_local_project/requirements.txt (line 24))
  Using cached pyyaml-6.0.3-cp312-cp312-macosx_11_0_arm64.whl.metadata (2.4 kB)
Collecting uvloop>=0.15.1 (from uvicorn[standard]<1.0,>=0.30.0->-r malaria_dl_local_project/requirements.txt (line 24))
  Using cached uvloop-0.22.1-cp312-cp312-macosx_10_13_universal2.whl.metadata (4.9 kB)
Collecting watchfiles>=0.20 (from uvicorn[standard]<1.0,>=0.30.0->-r malaria_dl_local_project/requirements.txt (line 24))
  Using cached watchfiles-1.2.0-cp312-cp312-macosx_11_0_arm64.whl.metadata (4.9 kB)
Collecting websockets>=13.0 (from uvicorn[standard]<1.0,>=0.30.0->-r malaria_dl_local_project/requirements.txt (line 24))
  Downloading websockets-17.1-cp312-cp312-macosx_11_0_arm64.whl.metadata (6.3 kB)
Collecting dm-tree (from tensorflow-datasets>=4.9.4->-r malaria_dl_local_project/requirements.txt (line 3))
  Downloading dm_tree-0.1.10-cp312-cp312-macosx_10_13_universal2.whl.metadata (2.6 kB)
Collecting immutabledict (from tensorflow-datasets>=4.9.4->-r malaria_dl_local_project/requirements.txt (line 3))
  Downloading immutabledict-4.3.1-py3-none-any.whl.metadata (3.5 kB)
Collecting promise (from tensorflow-datasets>=4.9.4->-r malaria_dl_local_project/requirements.txt (line 3))
  Downloading promise-2.3.tar.gz (19 kB)
  Installing build dependencies: started
  Installing build dependencies: finished with status 'done'
  Getting requirements to build wheel: started
  Getting requirements to build wheel: finished with status 'done'
  Preparing metadata (pyproject.toml): started
  Preparing metadata (pyproject.toml): finished with status 'done'
Requirement already satisfied: psutil in /private/tmp/capstone-local-train-20260915/lib/python3.12/site-packages (from tensorflow-datasets>=4.9.4->-r malaria_dl_local_project/requirements.txt (line 3)) (6.1.1)
Collecting pyarrow (from tensorflow-datasets>=4.9.4->-r malaria_dl_local_project/requirements.txt (line 3))
  Downloading pyarrow-25.0.1-cp312-cp312-macosx_12_0_arm64.whl.metadata (3.0 kB)
Collecting simple_parsing (from tensorflow-datasets>=4.9.4->-r malaria_dl_local_project/requirements.txt (line 3))
  Downloading simple_parsing-0.1.9-py3-none-any.whl.metadata (8.1 kB)
Collecting toml (from tensorflow-datasets>=4.9.4->-r malaria_dl_local_project/requirements.txt (line 3))
  Downloading toml-0.10.2-py2.py3-none-any.whl.metadata (7.1 kB)
Collecting python-dateutil>=2.8.2 (from pandas>=2.2->-r malaria_dl_local_project/requirements.txt (line 10))
  Using cached python_dateutil-2.9.0.post0-py2.py3-none-any.whl.metadata (8.4 kB)
Collecting scipy>=1.10.0 (from scikit-learn>=1.5->-r malaria_dl_local_project/requirements.txt (line 11))
  Downloading scipy-1.18.1-cp312-cp312-macosx_14_0_arm64.whl.metadata (62 kB)
Collecting narwhals>=2.0.1 (from scikit-learn>=1.5->-r malaria_dl_local_project/requirements.txt (line 11))
  Downloading narwhals-2.26.0-py3-none-any.whl.metadata (15 kB)
Collecting threadpoolctl>=3.5.0 (from scikit-learn>=1.5->-r malaria_dl_local_project/requirements.txt (line 11))
  Using cached threadpoolctl-3.6.0-py3-none-any.whl.metadata (13 kB)
Collecting networkx>=3.0 (from scikit-image>=0.22.0->-r malaria_dl_local_project/requirements.txt (line 12))
  Using cached networkx-3.6.1-py3-none-any.whl.metadata (6.8 kB)
Collecting imageio!=2.35.0,>=2.33 (from scikit-image>=0.22.0->-r malaria_dl_local_project/requirements.txt (line 12))
  Downloading imageio-2.37.4-py3-none-any.whl.metadata (9.6 kB)
Collecting tifffile>=2022.8.12 (from scikit-image>=0.22.0->-r malaria_dl_local_project/requirements.txt (line 12))
  Downloading tifffile-2026.9.9-py3-none-any.whl.metadata (33 kB)
Collecting lazy-loader>=0.4 (from scikit-image>=0.22.0->-r malaria_dl_local_project/requirements.txt (line 12))
  Using cached lazy_loader-0.5-py3-none-any.whl.metadata (5.9 kB)
Collecting contourpy>=1.0.1 (from matplotlib>=3.8->-r malaria_dl_local_project/requirements.txt (line 13))
  Downloading contourpy-1.4.0-cp312-cp312-macosx_11_0_arm64.whl.metadata (3.8 kB)
Collecting cycler>=0.10 (from matplotlib>=3.8->-r malaria_dl_local_project/requirements.txt (line 13))
  Using cached cycler-0.12.1-py3-none-any.whl.metadata (3.8 kB)
Collecting fonttools>=4.28.2 (from matplotlib>=3.8->-r malaria_dl_local_project/requirements.txt (line 13))
  Downloading fonttools-4.65.0-cp312-cp312-macosx_10_13_universal2.whl.metadata (125 kB)
Collecting kiwisolver>=1.3.1 (from matplotlib>=3.8->-r malaria_dl_local_project/requirements.txt (line 13))
  Downloading kiwisolver-1.5.1-cp312-cp312-macosx_11_0_arm64.whl.metadata (5.2 kB)
Collecting pyparsing>=3 (from matplotlib>=3.8->-r malaria_dl_local_project/requirements.txt (line 13))
  Using cached pyparsing-3.3.2-py3-none-any.whl.metadata (5.8 kB)
Collecting cloudpickle>=3.0 (from joblib>=1.4->-r malaria_dl_local_project/requirements.txt (line 15))
  Downloading cloudpickle-3.1.2-py3-none-any.whl.metadata (7.1 kB)
INFO: pip is looking at multiple versions of shap to determine which version is compatible with other requirements. This could take a while.
Collecting shap>=0.45.0 (from -r malaria_dl_local_project/requirements.txt (line 18))
  Downloading shap-0.51.0-cp312-cp312-macosx_11_0_arm64.whl.metadata (25 kB)
  Downloading shap-0.50.0-cp312-cp312-macosx_11_0_arm64.whl.metadata (25 kB)
  Downloading shap-0.49.1-cp312-cp312-macosx_11_0_arm64.whl.metadata (25 kB)
Collecting slicer==0.0.8 (from shap>=0.45.0->-r malaria_dl_local_project/requirements.txt (line 18))
  Downloading slicer-0.0.8-py3-none-any.whl.metadata (4.0 kB)
Collecting numba>=0.54 (from shap>=0.45.0->-r malaria_dl_local_project/requirements.txt (line 18))
  Downloading numba-0.67.0-cp312-cp312-macosx_12_0_arm64.whl.metadata (2.7 kB)
Collecting argon2-cffi-bindings (from argon2-cffi>=23.1.0->pwdlib[argon2]<1.0,>=0.2.1->-r malaria_dl_local_project/requirements.txt (line 28))
  Downloading argon2_cffi_bindings-26.1.0-cp310-abi3-macosx_11_0_arm64.whl.metadata (7.5 kB)
Requirement already satisfied: wheel<1.0,>=0.23.0 in /private/tmp/capstone-local-train-20260915/lib/python3.12/site-packages (from astunparse>=1.6.0->tensorflow==2.17.1->-r malaria_dl_local_project/requirements.txt (line 1)) (0.48.0)
INFO: pip is looking at multiple versions of contourpy to determine which version is compatible with other requirements. This could take a while.
Collecting contourpy>=1.0.1 (from matplotlib>=3.8->-r malaria_dl_local_project/requirements.txt (line 13))
  Using cached contourpy-1.3.3-cp312-cp312-macosx_11_0_arm64.whl.metadata (5.5 kB)
Collecting einops (from etils[edc,enp,epath,epy,etree]>=1.9.1; python_version >= "3.11"->tensorflow-datasets>=4.9.4->-r malaria_dl_local_project/requirements.txt (line 3))
  Downloading einops-0.8.2-py3-none-any.whl.metadata (13 kB)
Collecting fsspec (from etils[edc,enp,epath,epy,etree]>=1.9.1; python_version >= "3.11"->tensorflow-datasets>=4.9.4->-r malaria_dl_local_project/requirements.txt (line 3))
  Using cached fsspec-2026.7.0-py3-none-any.whl.metadata (10 kB)
Requirement already satisfied: rich in /private/tmp/capstone-local-train-20260915/lib/python3.12/site-packages (from keras>=3.2.0->tensorflow==2.17.1->-r malaria_dl_local_project/requirements.txt (line 1)) (15.0.0)
Requirement already satisfied: namex in /private/tmp/capstone-local-train-20260915/lib/python3.12/site-packages (from keras>=3.2.0->tensorflow==2.17.1->-r malaria_dl_local_project/requirements.txt (line 1)) (0.1.0)
Requirement already satisfied: optree in /private/tmp/capstone-local-train-20260915/lib/python3.12/site-packages (from keras>=3.2.0->tensorflow==2.17.1->-r malaria_dl_local_project/requirements.txt (line 1)) (0.20.0)
Collecting llvmlite<0.50,>=0.49.0dev0 (from numba>=0.54->shap>=0.45.0->-r malaria_dl_local_project/requirements.txt (line 18))
  Downloading llvmlite-0.49.0-cp312-cp312-macosx_12_0_arm64.whl.metadata (5.0 kB)
Collecting annotated-types>=0.6.0 (from pydantic>=2.9.0->fastapi<1.0,>=0.115.0->-r malaria_dl_local_project/requirements.txt (line 23))
  Using cached annotated_types-0.8.0-py3-none-any.whl.metadata (15 kB)
Collecting pydantic-core==2.46.5 (from pydantic>=2.9.0->fastapi<1.0,>=0.115.0->-r malaria_dl_local_project/requirements.txt (line 23))
  Downloading pydantic_core-2.46.5-cp312-cp312-macosx_11_0_arm64.whl.metadata (6.6 kB)
INFO: pip is looking at multiple versions of scipy to determine which version is compatible with other requirements. This could take a while.
Collecting scipy>=1.10.0 (from scikit-learn>=1.5->-r malaria_dl_local_project/requirements.txt (line 11))
  Downloading scipy-1.18.0-cp312-cp312-macosx_14_0_arm64.whl.metadata (62 kB)
  Using cached scipy-1.17.1-cp312-cp312-macosx_14_0_arm64.whl.metadata (62 kB)
INFO: pip is looking at multiple versions of tifffile to determine which version is compatible with other requirements. This could take a while.
Collecting tifffile>=2022.8.12 (from scikit-image>=0.22.0->-r malaria_dl_local_project/requirements.txt (line 12))
  Downloading tifffile-2026.8.23-py3-none-any.whl.metadata (34 kB)
  Downloading tifffile-2026.8.16-py3-none-any.whl.metadata (34 kB)
  Downloading tifffile-2026.7.31-py3-none-any.whl.metadata (33 kB)
  Downloading tifffile-2026.7.14-py3-none-any.whl.metadata (33 kB)
  Downloading tifffile-2026.6.1-py3-none-any.whl.metadata (33 kB)
  Downloading tifffile-2026.5.15-py3-none-any.whl.metadata (32 kB)
  Downloading tifffile-2026.5.2-py3-none-any.whl.metadata (32 kB)
INFO: pip is still looking at multiple versions of tifffile to determine which version is compatible with other requirements. This could take a while.
  Using cached tifffile-2026.4.11-py3-none-any.whl.metadata (31 kB)
  Downloading tifffile-2026.3.3-py3-none-any.whl.metadata (31 kB)
Requirement already satisfied: markupsafe>=2.1.1 in /private/tmp/capstone-local-train-20260915/lib/python3.12/site-packages (from werkzeug>=1.0.1->tensorboard<2.18,>=2.17->tensorflow==2.17.1->-r malaria_dl_local_project/requirements.txt (line 1)) (3.0.3)
Collecting cffi>=1.0.1 (from argon2-cffi-bindings->argon2-cffi>=23.1.0->pwdlib[argon2]<1.0,>=0.2.1->-r malaria_dl_local_project/requirements.txt (line 28))
  Downloading cffi-2.1.1-cp312-cp312-macosx_11_0_arm64.whl.metadata (2.5 kB)
Collecting pycparser (from cffi>=1.0.1->argon2-cffi-bindings->argon2-cffi>=23.1.0->pwdlib[argon2]<1.0,>=0.2.1->-r malaria_dl_local_project/requirements.txt (line 28))
  Using cached pycparser-3.0-py3-none-any.whl.metadata (8.2 kB)
Collecting attrs>=18.2.0 (from dm-tree->tensorflow-datasets>=4.9.4->-r malaria_dl_local_project/requirements.txt (line 3))
  Using cached attrs-26.1.0-py3-none-any.whl.metadata (8.8 kB)
Requirement already satisfied: markdown-it-py>=2.2.0 in /private/tmp/capstone-local-train-20260915/lib/python3.12/site-packages (from rich->keras>=3.2.0->tensorflow==2.17.1->-r malaria_dl_local_project/requirements.txt (line 1)) (4.2.0)
Requirement already satisfied: pygments<3.0.0,>=2.13.0 in /private/tmp/capstone-local-train-20260915/lib/python3.12/site-packages (from rich->keras>=3.2.0->tensorflow==2.17.1->-r malaria_dl_local_project/requirements.txt (line 1)) (2.21.0)
Requirement already satisfied: mdurl~=0.1 in /private/tmp/capstone-local-train-20260915/lib/python3.12/site-packages (from markdown-it-py>=2.2.0->rich->keras>=3.2.0->tensorflow==2.17.1->-r malaria_dl_local_project/requirements.txt (line 1)) (0.1.2)
Collecting docstring-parser~=0.15 (from simple_parsing->tensorflow-datasets>=4.9.4->-r malaria_dl_local_project/requirements.txt (line 3))
  Using cached docstring_parser-0.18.0-py3-none-any.whl.metadata (3.5 kB)
Downloading protobuf-4.25.8-cp37-abi3-macosx_10_9_universal2.whl (394 kB)
Downloading tensorflow_metadata-1.15.0-py3-none-any.whl (28 kB)
Downloading pillow-12.3.0-cp312-cp312-macosx_11_0_arm64.whl (4.8 MB)
   ━━━━━━━━━━━━━━━━━━━━━━━━━━━━━━━━━━━━━━━━ 4.8/4.8 MB 23.0 MB/s  0:00:00
Downloading psycopg-3.3.5-py3-none-any.whl (213 kB)
Downloading sqlalchemy-2.0.53-cp312-cp312-macosx_11_0_arm64.whl (2.2 MB)
   ━━━━━━━━━━━━━━━━━━━━━━━━━━━━━━━━━━━━━━━━ 2.2/2.2 MB 36.4 MB/s  0:00:00
Using cached fastapi-0.141.1-py3-none-any.whl (131 kB)
Downloading uvicorn-0.53.0-py3-none-any.whl (87 kB)
Downloading alembic-1.20.0-py3-none-any.whl (268 kB)
Downloading pyjwt-2.14.0-py3-none-any.whl (32 kB)
Downloading pwdlib-0.3.1-py3-none-any.whl (9.3 kB)
Using cached python_multipart-0.0.32-py3-none-any.whl (30 kB)
Using cached googleapis_common_protos-1.75.0-py3-none-any.whl (300 kB)
Downloading psycopg_binary-3.3.5-cp312-cp312-macosx_11_0_arm64.whl (4.8 MB)
   ━━━━━━━━━━━━━━━━━━━━━━━━━━━━━━━━━━━━━━━━ 4.8/4.8 MB 37.7 MB/s  0:00:00
Downloading tensorflow_datasets-4.9.10-py3-none-any.whl (5.3 MB)
   ━━━━━━━━━━━━━━━━━━━━━━━━━━━━━━━━━━━━━━━━ 5.3/5.3 MB 3.5 MB/s  0:00:01
Downloading etils-1.14.0-py3-none-any.whl (172 kB)
Using cached importlib_resources-7.1.0-py3-none-any.whl (37 kB)
Downloading zipp-4.1.0-py3-none-any.whl (10 kB)
Downloading pandas-3.0.5-cp312-cp312-macosx_11_0_arm64.whl (10.0 MB)
   ━━━━━━━━━━━━━━━━━━━━━━━━━━━━━━━━━━━━━━━━ 10.0/10.0 MB 46.5 MB/s  0:00:00
Downloading scikit_learn-1.9.1-cp312-cp312-macosx_12_0_arm64.whl (8.3 MB)
   ━━━━━━━━━━━━━━━━━━━━━━━━━━━━━━━━━━━━━━━━ 8.3/8.3 MB 45.1 MB/s  0:00:00
Using cached scikit_image-0.26.0-cp312-cp312-macosx_11_0_arm64.whl (12.1 MB)
Downloading matplotlib-3.11.2-cp312-cp312-macosx_11_0_arm64.whl (9.3 MB)
   ━━━━━━━━━━━━━━━━━━━━━━━━━━━━━━━━━━━━━━━━ 9.3/9.3 MB 44.5 MB/s  0:00:00
Downloading joblib-1.6.0-py3-none-any.whl (306 kB)
Downloading tqdm-4.70.1-py3-none-any.whl (80 kB)
Downloading shap-0.49.1-cp312-cp312-macosx_11_0_arm64.whl (556 kB)
   ━━━━━━━━━━━━━━━━━━━━━━━━━━━━━━━━━━━━━━━━ 556.3/556.3 kB 28.1 MB/s  0:00:00
Downloading slicer-0.0.8-py3-none-any.whl (15 kB)
Downloading python_dotenv-1.2.3-py3-none-any.whl (22 kB)
Using cached annotated_doc-0.0.5-py3-none-any.whl (5.3 kB)
Using cached argon2_cffi-25.1.0-py3-none-any.whl (14 kB)
Downloading click-8.5.0-py3-none-any.whl (125 kB)
Downloading cloudpickle-3.1.2-py3-none-any.whl (22 kB)
Using cached contourpy-1.3.3-cp312-cp312-macosx_11_0_arm64.whl (273 kB)
Using cached cycler-0.12.1-py3-none-any.whl (8.3 kB)
Downloading fonttools-4.65.0-cp312-cp312-macosx_10_13_universal2.whl (3.1 MB)
   ━━━━━━━━━━━━━━━━━━━━━━━━━━━━━━━━━━━━━━━━ 3.1/3.1 MB 42.7 MB/s  0:00:00
Using cached httptools-0.8.0-cp312-cp312-macosx_11_0_arm64.whl (113 kB)
Downloading imageio-2.37.4-py3-none-any.whl (318 kB)
Downloading kiwisolver-1.5.1-cp312-cp312-macosx_11_0_arm64.whl (64 kB)
Using cached lazy_loader-0.5-py3-none-any.whl (8.0 kB)
Downloading narwhals-2.26.0-py3-none-any.whl (474 kB)
Using cached networkx-3.6.1-py3-none-any.whl (2.1 MB)
Downloading numba-0.67.0-cp312-cp312-macosx_12_0_arm64.whl (2.7 MB)
   ━━━━━━━━━━━━━━━━━━━━━━━━━━━━━━━━━━━━━━━━ 2.7/2.7 MB 41.4 MB/s  0:00:00
Downloading llvmlite-0.49.0-cp312-cp312-macosx_12_0_arm64.whl (40.5 MB)
   ━━━━━━━━━━━━━━━━━━━━━━━━━━━━━━━━━━━━━━━━ 40.5/40.5 MB 48.7 MB/s  0:00:00
Downloading pydantic-2.13.5-py3-none-any.whl (472 kB)
Downloading pydantic_core-2.46.5-cp312-cp312-macosx_11_0_arm64.whl (1.9 MB)
   ━━━━━━━━━━━━━━━━━━━━━━━━━━━━━━━━━━━━━━━━ 1.9/1.9 MB 39.7 MB/s  0:00:00
Using cached annotated_types-0.8.0-py3-none-any.whl (13 kB)
Using cached pyparsing-3.3.2-py3-none-any.whl (122 kB)
Using cached python_dateutil-2.9.0.post0-py2.py3-none-any.whl (229 kB)
Using cached pyyaml-6.0.3-cp312-cp312-macosx_11_0_arm64.whl (173 kB)
Using cached scipy-1.17.1-cp312-cp312-macosx_14_0_arm64.whl (20.3 MB)
Downloading starlette-1.6.0-py3-none-any.whl (75 kB)
Using cached threadpoolctl-3.6.0-py3-none-any.whl (18 kB)
Downloading tifffile-2026.3.3-py3-none-any.whl (243 kB)
Downloading typing_inspection-0.4.4-py3-none-any.whl (14 kB)
Using cached uvloop-0.22.1-cp312-cp312-macosx_10_13_universal2.whl (1.4 MB)
Using cached watchfiles-1.2.0-cp312-cp312-macosx_11_0_arm64.whl (393 kB)
Downloading websockets-17.1-cp312-cp312-macosx_11_0_arm64.whl (214 kB)
Downloading argon2_cffi_bindings-26.1.0-cp310-abi3-macosx_11_0_arm64.whl (25 kB)
Downloading cffi-2.1.1-cp312-cp312-macosx_11_0_arm64.whl (184 kB)
Downloading dm_tree-0.1.10-cp312-cp312-macosx_10_13_universal2.whl (315 kB)
Using cached attrs-26.1.0-py3-none-any.whl (67 kB)
Downloading einops-0.8.2-py3-none-any.whl (65 kB)
Using cached fsspec-2026.7.0-py3-none-any.whl (206 kB)
Downloading immutabledict-4.3.1-py3-none-any.whl (5.0 kB)
Using cached mako-1.4.1-py3-none-any.whl (80 kB)
Downloading pyarrow-25.0.1-cp312-cp312-macosx_12_0_arm64.whl (35.9 MB)
   ━━━━━━━━━━━━━━━━━━━━━━━━━━━━━━━━━━━━━━━━ 35.9/35.9 MB 34.9 MB/s  0:00:01
Using cached pycparser-3.0-py3-none-any.whl (48 kB)
Downloading simple_parsing-0.1.9-py3-none-any.whl (113 kB)
Using cached docstring_parser-0.18.0-py3-none-any.whl (22 kB)
Downloading toml-0.10.2-py2.py3-none-any.whl (16 kB)
Building wheels for collected packages: lime, promise
  Building wheel for lime (pyproject.toml): started
  Building wheel for lime (pyproject.toml): finished with status 'done'
  Created wheel for lime: filename=lime-0.2.0.1-py3-none-any.whl size=283913 sha256=6b5bd22de4a21735b234091b99878294d7c18812cab5f75c1970c756cc1fc555
  Stored in directory: /Users/julio/Library/Caches/pip/wheels/e7/5d/0e/4b4fff9a47468fed5633211fb3b76d1db43fe806a17fb7486a
  Building wheel for promise (pyproject.toml): started
  Building wheel for promise (pyproject.toml): finished with status 'done'
  Created wheel for promise: filename=promise-2.3-py3-none-any.whl size=21582 sha256=d89966f5be0b53cef2eb2d2a689c0b65adb4c784824b7006b2fd6e4c0f1bd072
  Stored in directory: /Users/julio/Library/Caches/pip/wheels/e7/e6/28/864bdfee5339dbd6ddcb5a186286a8e217648ec198bdf0097d
Successfully built lime promise
Installing collected packages: zipp, websockets, uvloop, typing-inspection, tqdm, toml, tifffile, threadpoolctl, SQLAlchemy, slicer, scipy, pyyaml, python-multipart, python-dotenv, python-dateutil, pyparsing, PyJWT, pydantic-core, pycparser, pyarrow, pwdlib, psycopg-binary, psycopg, protobuf, promise, pillow, networkx, narwhals, Mako, llvmlite, lazy-loader, kiwisolver, importlib_resources, immutabledict, httptools, fsspec, fonttools, etils, einops, docstring-parser, cycler, contourpy, cloudpickle, click, attrs, annotated-types, annotated-doc, watchfiles, uvicorn, starlette, simple_parsing, pydantic, pandas, numba, matplotlib, joblib, imageio, googleapis-common-protos, dm-tree, cffi, alembic, tensorflow-metadata, scikit-learn, scikit-image, fastapi, argon2-cffi-bindings, shap, lime, argon2-cffi, tensorflow-datasets
  Attempting uninstall: protobuf
    Found existing installation: protobuf 4.25.9
    Uninstalling protobuf-4.25.9:
      Successfully uninstalled protobuf-4.25.9

Successfully installed Mako-1.4.1 PyJWT-2.14.0 SQLAlchemy-2.0.53 alembic-1.20.0 annotated-doc-0.0.5 annotated-types-0.8.0 argon2-cffi-25.1.0 argon2-cffi-bindings-26.1.0 attrs-26.1.0 cffi-2.1.1 click-8.5.0 cloudpickle-3.1.2 contourpy-1.3.3 cycler-0.12.1 dm-tree-0.1.10 docstring-parser-0.18.0 einops-0.8.2 etils-1.14.0 fastapi-0.141.1 fonttools-4.65.0 fsspec-2026.7.0 googleapis-common-protos-1.75.0 httptools-0.8.0 imageio-2.37.4 immutabledict-4.3.1 importlib_resources-7.1.0 joblib-1.6.0 kiwisolver-1.5.1 lazy-loader-0.5 lime-0.2.0.1 llvmlite-0.49.0 matplotlib-3.11.2 narwhals-2.26.0 networkx-3.6.1 numba-0.67.0 pandas-3.0.5 pillow-12.3.0 promise-2.3 protobuf-4.25.8 psycopg-3.3.5 psycopg-binary-3.3.5 pwdlib-0.3.1 pyarrow-25.0.1 pycparser-3.0 pydantic-2.13.5 pydantic-core-2.46.5 pyparsing-3.3.2 python-dateutil-2.9.0.post0 python-dotenv-1.2.3 python-multipart-0.0.32 pyyaml-6.0.3 scikit-image-0.26.0 scikit-learn-1.9.1 scipy-1.17.1 shap-0.49.1 simple_parsing-0.1.9 slicer-0.0.8 starlette-1.6.0 tensorflow-datasets-4.9.10 tensorflow-metadata-1.15.0 threadpoolctl-3.6.0 tifffile-2026.3.3 toml-0.10.2 tqdm-4.70.1 typing-inspection-0.4.4 uvicorn-0.53.0 uvloop-0.22.1 watchfiles-1.2.0 websockets-17.1 zipp-4.1.0

[notice] A new release of pip is available: 26.1.2 -> 26.2.1
[notice] To update, run: /private/tmp/capstone-local-train-20260915/bin/python -m pip install --upgrade pip
