Collecting tensorflow==2.17.1
  Downloading tensorflow-2.17.1-cp312-cp312-macosx_12_0_arm64.whl.metadata (4.1 kB)
Collecting numpy==1.26.4
  Downloading numpy-1.26.4-cp312-cp312-macosx_11_0_arm64.whl.metadata (61 kB)
Collecting psutil==6.1.1
  Downloading psutil-6.1.1-cp36-abi3-macosx_11_0_arm64.whl.metadata (22 kB)
Collecting httpx==0.28.1
  Using cached httpx-0.28.1-py3-none-any.whl.metadata (7.1 kB)
Collecting pytest==8.3.5
  Downloading pytest-8.3.5-py3-none-any.whl.metadata (7.6 kB)
Collecting absl-py>=1.0.0 (from tensorflow==2.17.1)
  Downloading absl_py-2.5.0-py3-none-any.whl.metadata (3.3 kB)
Collecting astunparse>=1.6.0 (from tensorflow==2.17.1)
  Using cached astunparse-1.6.3-py2.py3-none-any.whl.metadata (4.4 kB)
Collecting flatbuffers>=24.3.25 (from tensorflow==2.17.1)
  Using cached flatbuffers-25.12.19-py2.py3-none-any.whl.metadata (1.0 kB)
Collecting gast!=0.5.0,!=0.5.1,!=0.5.2,>=0.2.1 (from tensorflow==2.17.1)
  Downloading gast-0.7.0-py3-none-any.whl.metadata (1.5 kB)
Collecting google-pasta>=0.1.1 (from tensorflow==2.17.1)
  Using cached google_pasta-0.2.0-py3-none-any.whl.metadata (814 bytes)
Collecting h5py>=3.10.0 (from tensorflow==2.17.1)
  Downloading h5py-3.16.0-cp312-cp312-macosx_11_0_arm64.whl.metadata (3.0 kB)
Collecting libclang>=13.0.0 (from tensorflow==2.17.1)
  Using cached libclang-18.1.1-1-py2.py3-none-macosx_11_0_arm64.whl.metadata (5.2 kB)
Collecting ml-dtypes<0.5.0,>=0.3.1 (from tensorflow==2.17.1)
  Downloading ml_dtypes-0.4.1-cp312-cp312-macosx_10_9_universal2.whl.metadata (20 kB)
Collecting opt-einsum>=2.3.2 (from tensorflow==2.17.1)
  Using cached opt_einsum-3.4.0-py3-none-any.whl.metadata (6.3 kB)
Collecting packaging (from tensorflow==2.17.1)
  Using cached packaging-26.3-py3-none-any.whl.metadata (3.5 kB)
Collecting protobuf!=4.21.0,!=4.21.1,!=4.21.2,!=4.21.3,!=4.21.4,!=4.21.5,<5.0.0dev,>=3.20.3 (from tensorflow==2.17.1)
  Downloading protobuf-4.25.9-cp37-abi3-macosx_10_9_universal2.whl.metadata (541 bytes)
Collecting requests<3,>=2.21.0 (from tensorflow==2.17.1)
  Using cached requests-2.34.2-py3-none-any.whl.metadata (4.8 kB)
Collecting setuptools (from tensorflow==2.17.1)
  Downloading setuptools-84.0.0-py3-none-any.whl.metadata (6.6 kB)
Collecting six>=1.12.0 (from tensorflow==2.17.1)
  Using cached six-1.17.0-py2.py3-none-any.whl.metadata (1.7 kB)
Collecting termcolor>=1.1.0 (from tensorflow==2.17.1)
  Downloading termcolor-3.3.0-py3-none-any.whl.metadata (6.5 kB)
Collecting typing-extensions>=3.6.6 (from tensorflow==2.17.1)
  Using cached typing_extensions-4.16.0-py3-none-any.whl.metadata (3.3 kB)
Collecting wrapt>=1.11.0 (from tensorflow==2.17.1)
  Downloading wrapt-2.4.1-cp312-cp312-macosx_11_0_arm64.whl.metadata (7.4 kB)
Collecting grpcio<2.0,>=1.24.3 (from tensorflow==2.17.1)
  Downloading grpcio-1.84.0-cp312-cp312-macosx_11_0_universal2.whl.metadata (3.8 kB)
Collecting tensorboard<2.18,>=2.17 (from tensorflow==2.17.1)
  Downloading tensorboard-2.17.1-py3-none-any.whl.metadata (1.6 kB)
Collecting keras>=3.2.0 (from tensorflow==2.17.1)
  Downloading keras-3.15.1-py3-none-any.whl.metadata (6.4 kB)
Collecting anyio (from httpx==0.28.1)
  Downloading anyio-4.15.1-py3-none-any.whl.metadata (4.7 kB)
Collecting certifi (from httpx==0.28.1)
  Using cached certifi-2026.7.22-py3-none-any.whl.metadata (2.5 kB)
Collecting httpcore==1.* (from httpx==0.28.1)
  Using cached httpcore-1.0.9-py3-none-any.whl.metadata (21 kB)
Collecting idna (from httpx==0.28.1)
  Downloading idna-3.19-py3-none-any.whl.metadata (9.2 kB)
Collecting iniconfig (from pytest==8.3.5)
  Using cached iniconfig-2.3.0-py3-none-any.whl.metadata (2.5 kB)
Collecting pluggy<2,>=1.5 (from pytest==8.3.5)
  Using cached pluggy-1.6.0-py3-none-any.whl.metadata (4.8 kB)
Collecting h11>=0.16 (from httpcore==1.*->httpx==0.28.1)
  Using cached h11-0.16.0-py3-none-any.whl.metadata (8.3 kB)
Collecting charset_normalizer<4,>=2 (from requests<3,>=2.21.0->tensorflow==2.17.1)
  Downloading charset_normalizer-3.5.1-cp312-cp312-macosx_10_13_universal2.whl.metadata (45 kB)
Collecting urllib3<3,>=1.26 (from requests<3,>=2.21.0->tensorflow==2.17.1)
  Using cached urllib3-2.7.0-py3-none-any.whl.metadata (6.9 kB)
Collecting markdown>=2.6.8 (from tensorboard<2.18,>=2.17->tensorflow==2.17.1)
  Downloading markdown-3.10.3-py3-none-any.whl.metadata (5.1 kB)
Collecting tensorboard-data-server<0.8.0,>=0.7.0 (from tensorboard<2.18,>=2.17->tensorflow==2.17.1)
  Using cached tensorboard_data_server-0.7.2-py3-none-any.whl.metadata (1.1 kB)
Collecting werkzeug>=1.0.1 (from tensorboard<2.18,>=2.17->tensorflow==2.17.1)
  Downloading werkzeug-3.1.8-py3-none-any.whl.metadata (4.0 kB)
Collecting wheel<1.0,>=0.23.0 (from astunparse>=1.6.0->tensorflow==2.17.1)
  Downloading wheel-0.48.0-py3-none-any.whl.metadata (2.3 kB)
Collecting rich (from keras>=3.2.0->tensorflow==2.17.1)
  Using cached rich-15.0.0-py3-none-any.whl.metadata (18 kB)
Collecting namex (from keras>=3.2.0->tensorflow==2.17.1)
  Using cached namex-0.1.0-py3-none-any.whl.metadata (322 bytes)
Collecting optree (from keras>=3.2.0->tensorflow==2.17.1)
  Downloading optree-0.20.0-cp312-cp312-macosx_11_0_arm64.whl.metadata (32 kB)
Collecting markupsafe>=2.1.1 (from werkzeug>=1.0.1->tensorboard<2.18,>=2.17->tensorflow==2.17.1)
  Using cached markupsafe-3.0.3-cp312-cp312-macosx_11_0_arm64.whl.metadata (2.7 kB)
Collecting markdown-it-py>=2.2.0 (from rich->keras>=3.2.0->tensorflow==2.17.1)
  Using cached markdown_it_py-4.2.0-py3-none-any.whl.metadata (7.4 kB)
Collecting pygments<3.0.0,>=2.13.0 (from rich->keras>=3.2.0->tensorflow==2.17.1)
  Using cached pygments-2.21.0-py3-none-any.whl.metadata (2.5 kB)
Collecting mdurl~=0.1 (from markdown-it-py>=2.2.0->rich->keras>=3.2.0->tensorflow==2.17.1)
  Using cached mdurl-0.1.2-py3-none-any.whl.metadata (1.6 kB)
Downloading tensorflow-2.17.1-cp312-cp312-macosx_12_0_arm64.whl (236.3 MB)
   ━━━━━━━━━━━━━━━━━━━━━━━━━━━━━━━━━━━━━━━━ 236.3/236.3 MB 6.9 MB/s  0:00:36
Downloading numpy-1.26.4-cp312-cp312-macosx_11_0_arm64.whl (13.7 MB)
   ━━━━━━━━━━━━━━━━━━━━━━━━━━━━━━━━━━━━━━━━ 13.7/13.7 MB 74.4 MB/s  0:00:00
Downloading psutil-6.1.1-cp36-abi3-macosx_11_0_arm64.whl (248 kB)
Using cached httpx-0.28.1-py3-none-any.whl (73 kB)
Downloading pytest-8.3.5-py3-none-any.whl (343 kB)
Downloading grpcio-1.84.0-cp312-cp312-macosx_11_0_universal2.whl (12.3 MB)
   ━━━━━━━━━━━━━━━━━━━━━━━━━━━━━━━━━━━━━━━━ 12.3/12.3 MB 70.7 MB/s  0:00:00
Using cached httpcore-1.0.9-py3-none-any.whl (78 kB)
Downloading ml_dtypes-0.4.1-cp312-cp312-macosx_10_9_universal2.whl (405 kB)
Using cached pluggy-1.6.0-py3-none-any.whl (20 kB)
Downloading protobuf-4.25.9-cp37-abi3-macosx_10_9_universal2.whl (394 kB)
Using cached requests-2.34.2-py3-none-any.whl (73 kB)
Downloading charset_normalizer-3.5.1-cp312-cp312-macosx_10_13_universal2.whl (344 kB)
Downloading idna-3.19-py3-none-any.whl (68 kB)
Downloading tensorboard-2.17.1-py3-none-any.whl (5.5 MB)
   ━━━━━━━━━━━━━━━━━━━━━━━━━━━━━━━━━━━━━━━━ 5.5/5.5 MB 4.7 MB/s  0:00:01
Using cached tensorboard_data_server-0.7.2-py3-none-any.whl (2.4 kB)
Using cached typing_extensions-4.16.0-py3-none-any.whl (45 kB)
Using cached urllib3-2.7.0-py3-none-any.whl (131 kB)
Downloading absl_py-2.5.0-py3-none-any.whl (137 kB)
Using cached astunparse-1.6.3-py2.py3-none-any.whl (12 kB)
Using cached six-1.17.0-py2.py3-none-any.whl (11 kB)
Downloading wheel-0.48.0-py3-none-any.whl (33 kB)
Using cached certifi-2026.7.22-py3-none-any.whl (136 kB)
Using cached flatbuffers-25.12.19-py2.py3-none-any.whl (26 kB)
Downloading gast-0.7.0-py3-none-any.whl (22 kB)
Using cached google_pasta-0.2.0-py3-none-any.whl (57 kB)
Using cached h11-0.16.0-py3-none-any.whl (37 kB)
Downloading h5py-3.16.0-cp312-cp312-macosx_11_0_arm64.whl (3.1 MB)
   ━━━━━━━━━━━━━━━━━━━━━━━━━━━━━━━━━━━━━━━━ 3.1/3.1 MB 75.8 MB/s  0:00:00
Downloading keras-3.15.1-py3-none-any.whl (2.4 MB)
   ━━━━━━━━━━━━━━━━━━━━━━━━━━━━━━━━━━━━━━━━ 2.4/2.4 MB 85.4 MB/s  0:00:00
Using cached libclang-18.1.1-1-py2.py3-none-macosx_11_0_arm64.whl (25.8 MB)
Downloading markdown-3.10.3-py3-none-any.whl (110 kB)
Using cached opt_einsum-3.4.0-py3-none-any.whl (71 kB)
Using cached packaging-26.3-py3-none-any.whl (129 kB)
Downloading setuptools-84.0.0-py3-none-any.whl (818 kB)
   ━━━━━━━━━━━━━━━━━━━━━━━━━━━━━━━━━━━━━━━━ 818.2/818.2 kB 45.3 MB/s  0:00:00
Downloading termcolor-3.3.0-py3-none-any.whl (7.7 kB)
Downloading werkzeug-3.1.8-py3-none-any.whl (226 kB)
Using cached markupsafe-3.0.3-cp312-cp312-macosx_11_0_arm64.whl (12 kB)
Downloading wrapt-2.4.1-cp312-cp312-macosx_11_0_arm64.whl (98 kB)
Downloading anyio-4.15.1-py3-none-any.whl (132 kB)
Using cached iniconfig-2.3.0-py3-none-any.whl (7.5 kB)
Using cached namex-0.1.0-py3-none-any.whl (5.9 kB)
Downloading optree-0.20.0-cp312-cp312-macosx_11_0_arm64.whl (417 kB)
Using cached rich-15.0.0-py3-none-any.whl (310 kB)
Using cached pygments-2.21.0-py3-none-any.whl (1.3 MB)
Using cached markdown_it_py-4.2.0-py3-none-any.whl (91 kB)
Using cached mdurl-0.1.2-py3-none-any.whl (10.0 kB)
Installing collected packages: namex, libclang, flatbuffers, wrapt, urllib3, typing-extensions, termcolor, tensorboard-data-server, six, setuptools, pygments, psutil, protobuf, pluggy, packaging, opt-einsum, numpy, mdurl, markupsafe, markdown, iniconfig, idna, h11, gast, charset_normalizer, certifi, absl-py, wheel, werkzeug, requests, pytest, optree, ml-dtypes, markdown-it-py, httpcore, h5py, grpcio, google-pasta, anyio, tensorboard, rich, httpx, astunparse, keras, tensorflow

Successfully installed absl-py-2.5.0 anyio-4.15.1 astunparse-1.6.3 certifi-2026.7.22 charset_normalizer-3.5.1 flatbuffers-25.12.19 gast-0.7.0 google-pasta-0.2.0 grpcio-1.84.0 h11-0.16.0 h5py-3.16.0 httpcore-1.0.9 httpx-0.28.1 idna-3.19 iniconfig-2.3.0 keras-3.15.1 libclang-18.1.1 markdown-3.10.3 markdown-it-py-4.2.0 markupsafe-3.0.3 mdurl-0.1.2 ml-dtypes-0.4.1 namex-0.1.0 numpy-1.26.4 opt-einsum-3.4.0 optree-0.20.0 packaging-26.3 pluggy-1.6.0 protobuf-4.25.9 psutil-6.1.1 pygments-2.21.0 pytest-8.3.5 requests-2.34.2 rich-15.0.0 setuptools-84.0.0 six-1.17.0 tensorboard-2.17.1 tensorboard-data-server-0.7.2 tensorflow-2.17.1 termcolor-3.3.0 typing-extensions-4.16.0 urllib3-2.7.0 werkzeug-3.1.8 wheel-0.48.0 wrapt-2.4.1

[notice] A new release of pip is available: 26.1.2 -> 26.2.1
[notice] To update, run: /private/tmp/capstone-local-train-20260915/bin/python -m pip install --upgrade pip
