BEGIN
SET
SET
{"table" : "alembic_version", "count" : 1}
{"table" : "artifacts", "count" : 0}
{"table" : "assessment_artifacts", "count" : 0}
{"table" : "assessment_attempts", "count" : 0}
{"table" : "assessment_campaign_consumers", "count" : 0}
{"table" : "assessment_final_locks", "count" : 0}
{"table" : "assessment_identities", "count" : 0}
{"table" : "assessment_results", "count" : 0}
{"table" : "audit_events", "count" : 2}
{"table" : "blood_samples", "count" : 0}
{"table" : "campaign_attempts", "count" : 0}
{"table" : "campaign_configurations", "count" : 0}
{"table" : "campaign_controlled_requests", "count" : 0}
{"table" : "campaign_execution_events", "count" : 0}
{"table" : "campaign_members", "count" : 0}
{"table" : "campaign_technical_revisions", "count" : 0}
{"table" : "cell_classification_events", "count" : 0}
{"table" : "cell_classification_inputs", "count" : 0}
{"table" : "cell_classification_reviews", "count" : 0}
{"table" : "cell_classification_runs", "count" : 0}
{"table" : "cell_crops", "count" : 0}
{"table" : "cell_detection_events", "count" : 0}
{"table" : "cell_detection_runs", "count" : 0}
{"table" : "cell_detections", "count" : 0}
{"table" : "cell_explanations", "count" : 0}
{"table" : "cell_predictions", "count" : 0}
{"table" : "classification_reports", "count" : 0}
{"table" : "clinical_identities", "count" : 201}
{"table" : "confusion_matrices", "count" : 0}
{"table" : "dataset_materialization_activations", "count" : 0}
{"table" : "dataset_materializations", "count" : 1}
{"table" : "dataset_source_records", "count" : 27558}
{"table" : "dataset_split_assignments", "count" : 27558}
{"table" : "dataset_split_images", "count" : 55116}
{"table" : "dataset_split_statistics", "count" : 1}
{"table" : "dataset_split_validation_checks", "count" : 12}
{"table" : "dataset_splits", "count" : 0}
{"table" : "dataset_version_sources", "count" : 1}
{"table" : "dataset_versions", "count" : 1}
{"table" : "datasets", "count" : 2}
{"table" : "deployed_model_versions", "count" : 0}
{"table" : "environment_packages", "count" : 0}
{"table" : "errors", "count" : 0}
{"table" : "execution_logs", "count" : 0}
{"table" : "experiment_execution_events", "count" : 0}
{"table" : "experiment_execution_gate", "count" : 1}
{"table" : "experimental_campaigns", "count" : 0}
{"table" : "experiments", "count" : 0}
{"table" : "explainability_results", "count" : 0}
{"table" : "identity_evidence", "count" : 27558}
{"table" : "image_analysis_jobs", "count" : 0}
{"table" : "image_connected_components", "count" : 0}
{"table" : "image_ingestion_batches", "count" : 0}
{"table" : "image_quality_assessments", "count" : 0}
{"table" : "local_execution_jobs", "count" : 0}
{"table" : "microscopy_analysis_events", "count" : 0}
{"table" : "microscopy_analysis_run_images", "count" : 0}
{"table" : "microscopy_analysis_runs", "count" : 0}
{"table" : "microscopy_images", "count" : 0}
{"table" : "model_governance_backfill_audit", "count" : 0}
{"table" : "model_versions", "count" : 0}
{"table" : "models", "count" : 3}
{"table" : "predictions", "count" : 0}
{"table" : "quality_assessment_queue_items", "count" : 0}
{"table" : "quality_gate_decisions", "count" : 0}
{"table" : "research_subjects", "count" : 0}
{"table" : "roles", "count" : 5}
{"table" : "run_checkpoint_policy", "count" : 0}
{"table" : "run_clinical_metrics", "count" : 0}
{"table" : "run_dataset_images", "count" : 0}
{"table" : "run_image_predictions", "count" : 0}
{"table" : "run_io_records", "count" : 0}
{"table" : "run_lineage", "count" : 0}
{"table" : "run_metrics", "count" : 0}
{"table" : "run_model_deployments", "count" : 0}
{"table" : "run_threshold_calibration", "count" : 0}
{"table" : "runs", "count" : 0}
{"table" : "schema_migrations", "count" : 22}
{"table" : "scientific_cases", "count" : 0}
{"table" : "scientific_reviews", "count" : 0}
{"table" : "scientific_validation_annotation_events", "count" : 0}
{"table" : "scientific_validation_annotations", "count" : 0}
{"table" : "scientific_validation_classification_runs", "count" : 0}
{"table" : "scientific_validation_detection_runs", "count" : 0}
{"table" : "scientific_validation_images", "count" : 0}
{"table" : "scientific_validation_sessions", "count" : 0}
{"table" : "smear_analysis_summaries", "count" : 0}
{"table" : "smear_slides", "count" : 0}
{"table" : "stage2_model_publication_events", "count" : 0}
{"table" : "stage2_model_publications", "count" : 0}
{"table" : "synthetic_data_runs", "count" : 0}
{"table" : "train_execution_records", "count" : 0}
{"table" : "train_execution_revisions", "count" : 0}
{"table" : "train_execution_sessions", "count" : 0}
{"table" : "training_history", "count" : 0}
{"table" : "user_roles", "count" : 1}
{"table" : "users", "count" : 1}
{"migration_id" : "001_schema.sql", "checksum" : "2d52cc3fcdfb5fe442d57378380e1e5b697df648c7278e8d8268d7b93c87d03f"}
{"migration_id" : "002_indexes.sql", "checksum" : "1ae5690d68e72340210cb0e0ca9674434719340f4eeb70be802a5fc7a6290183"}
{"migration_id" : "003_views.sql", "checksum" : "40bbca36fd0c46358bb728afde1095e4225d08d6f8c035c37d601ad658265001"}
{"migration_id" : "007_case_level_explainability_views.sql", "checksum" : "f8c29e5df11e724edf78bd02a2345094208b70c013880c66730f31bc22d983f6"}
{"migration_id" : "008_case_level_explainability_indexes.sql", "checksum" : "2a997a84c53d48b6e0e3e5658763919482c3eb6de323fbd14914a4d065af0a5b"}
{"migration_id" : "009_uploaded_predictions_views.sql", "checksum" : "8c9e9416d1c5c2714ea95165576e5db6e045fd35bb964589d65d09386a7ad8b4"}
{"migration_id" : "010_clinical_inference_tracking.sql", "checksum" : "72b02190106dce1e7e72ba54f1d1484c4e545e7cccb59b7e2fd8d116a58d1ebc"}
{"migration_id" : "011_label_mapping_clinical_v1.sql", "checksum" : "8d75f67fe482365a18eade664f726370be72e657444777eae63ddb09f16231b7"}
{"migration_id" : "012_dataset_split_image_tracking.sql", "checksum" : "4f613052384303244f42c2682102f76a5a647a16e3aeb6557b2cd74667705f04"}
{"migration_id" : "013_dataset_browser_views.sql", "checksum" : "308fdfc488ca558dce5d2062acfeeee2eee387be70502e647f0ae9fd7ade7e74"}
{"migration_id" : "017_clinical_run_tracking.sql", "checksum" : "d7a07fcc964b32bef71b0d522158f9dfde1b24ff96a6f84662dec90966dfd815"}
{"migration_id" : "018_visual_audit_views.sql", "checksum" : "2232a7de096545c31c5b33d730c2a1dd401b4645de8a64e185051b2f4fd62e69"}
{"migration_id" : "019_model_execution_parameters.sql", "checksum" : "ab84e372eaade902399ca8c5250e97e5025c434db316720d5e1a4a66aa04e747"}
{"migration_id" : "020_max_epochs_release.sql", "checksum" : "974a76ae66508b5f48995edeea82e08dbdbf5379b6c605bae283e4b151c56875"}
{"migration_id" : "022_run_lineage.sql", "checksum" : "af9fc6608dc5967317d070e1848ddf940302a3dc7a2730db4c75c6f2bd5bdff9"}
{"migration_id" : "023_schema_migrations_baseline.sql", "checksum" : "a907d48f0f035860b6e16a3115fea53cd01ec4fc544ea353ac21278a3b6df387"}
{"migration_id" : "024_model_version_artifact_governance.sql", "checksum" : "ff77c14c9560b5d9fefad2abd3ff11ba0afc7f507bb506f5a0bef3c61009bcbc"}
{"migration_id" : "025_deployed_model_versions.sql", "checksum" : "a1d9b4e463a18b227558e9766a2b6932da9f0936905319816359c194620326d3"}
{"migration_id" : "026_inference_jobs.sql", "checksum" : "a322d72b684bf33dbf7428a92c4cbf6ff41ccb6e2c34bbf792fcab725c852957"}
{"migration_id" : "027_model_governance_backfill_constraints.sql", "checksum" : "17ec757d0928f27ef96d9ad933c9a3fe03c7be84e5d462d5799a3ee129f491bc"}
{"migration_id" : "028_stage2_model_availability.sql", "checksum" : "b16a6bcb536d4f63253986d291f26e4198b9916a3294762b1353a06a82349486"}
{"migration_id" : "029_stage2_model_publications.sql", "checksum" : "2ae200604ae71dafa5a079a7e1fd330f2eb0f0e3ac06eff302590043ff4ed889"}
{"other_client_sessions" : 2, "active_other_clients" : 0}
ROLLBACK
